
> lekhya-ai@0.1.0 build
> next build

Γû▓ Next.js 16.1.1 (Turbopack)
- Environments: .env

node.exe : ΓÜá The 
"middleware" file 
convention is deprecated. 
Please use "proxy" instead. 
Learn more: https://nextjs.o
rg/docs/messages/middleware-
to-proxy
At line:1 char:1
+ & "C:\Program 
Files\nodejs/node.exe" 
"C:\Program 
Files\nodejs/node_mo ...
+ ~~~~~~~~~~~~~~~~~~~~~~~~~~
~~~~~~~~~~~~~~~~~~~~~~~~~~~~
~~~~~~~~~~~~~~~
    + CategoryInfo          
    : NotSpecified: (ΓÜá T  
  he "middle...leware-to-   
 proxy:String) [], Remot    
eException
    + FullyQualifiedErrorId 
    : NativeCommandError
 
  Creating an optimized production build ...
Γ£ô Compiled successfully in 10.1s
  Running TypeScript ...
Failed to compile.

./src/app/api/admin/clients/
route.ts:12:44
Type error: Property 'get' 
does not exist on type 'Prom
ise<ReadonlyRequestCookies>'
.

[0m [90m 10 |[39m     
[36mtry[39m {
 [90m 11 |[39m         
[36mconst[39m cookieStore 
[33m=[39m 
cookies()[33m;[39m
[31m[1m>[22m[39m[90m 
12 |[39m         
[36mconst[39m 
adminSessionId [33m=[39m c
ookieStore[33m.[39m[36mge
t[39m([32m'admin_session'
[39m)[33m?[39m[33m.[39mv
alue[33m;[39m
 [90m    |[39m            
                            
    [31m[1m^[22m[39m
 [90m 13 |[39m
 [90m 14 |[39m         
[36mif[39m 
([33m![39madminSessionId) 
{
 [90m 15 |[39m            
 [36mreturn[39m [33mNextR
esponse[39m[33m.[39mjson(
{ error[33m:[39m 
[32m'Unauthorized'[39m 
}[33m,[39m { 
status[33m:[39m 
[35m401[39m 
})[33m;[39m[0m
Next.js build worker exited 
with code: 1 and signal: 
null
